  fuentesDeLuz.cpp
C:\Users\danie\Documents\Computación Gráfica\CGIH-master\configCGIH9\fuentesDeLuz.cpp(194,24): warning C4244: 'inicializando': conversión de 'double' a 'GLfloat'; posible pérdida de datos
C:\Users\danie\Documents\Computación Gráfica\CGIH-master\configCGIH9\fuentesDeLuz.cpp(236,21): warning C4244: '=': conversión de 'double' a 'T'; posible pérdida de datos
C:\Users\danie\Documents\Computación Gráfica\CGIH-master\configCGIH9\fuentesDeLuz.cpp(236,21): warning C4244:         with
C:\Users\danie\Documents\Computación Gráfica\CGIH-master\configCGIH9\fuentesDeLuz.cpp(236,21): warning C4244:         [
C:\Users\danie\Documents\Computación Gráfica\CGIH-master\configCGIH9\fuentesDeLuz.cpp(236,21): warning C4244:             T=float
C:\Users\danie\Documents\Computación Gráfica\CGIH-master\configCGIH9\fuentesDeLuz.cpp(236,21): warning C4244:         ]
C:\Users\danie\Documents\Computación Gráfica\CGIH-master\configCGIH9\fuentesDeLuz.cpp(237,21): warning C4244: '=': conversión de 'double' a 'T'; posible pérdida de datos
C:\Users\danie\Documents\Computación Gráfica\CGIH-master\configCGIH9\fuentesDeLuz.cpp(237,21): warning C4244:         with
C:\Users\danie\Documents\Computación Gráfica\CGIH-master\configCGIH9\fuentesDeLuz.cpp(237,21): warning C4244:         [
C:\Users\danie\Documents\Computación Gráfica\CGIH-master\configCGIH9\fuentesDeLuz.cpp(237,21): warning C4244:             T=float
C:\Users\danie\Documents\Computación Gráfica\CGIH-master\configCGIH9\fuentesDeLuz.cpp(237,21): warning C4244:         ]
C:\Users\danie\Documents\Computación Gráfica\CGIH-master\configCGIH9\fuentesDeLuz.cpp(238,21): warning C4244: '=': conversión de 'double' a 'T'; posible pérdida de datos
C:\Users\danie\Documents\Computación Gráfica\CGIH-master\configCGIH9\fuentesDeLuz.cpp(238,21): warning C4244:         with
C:\Users\danie\Documents\Computación Gráfica\CGIH-master\configCGIH9\fuentesDeLuz.cpp(238,21): warning C4244:         [
C:\Users\danie\Documents\Computación Gráfica\CGIH-master\configCGIH9\fuentesDeLuz.cpp(238,21): warning C4244:             T=float
C:\Users\danie\Documents\Computación Gráfica\CGIH-master\configCGIH9\fuentesDeLuz.cpp(238,21): warning C4244:         ]
C:\Users\danie\Documents\Computación Gráfica\CGIH-master\configCGIH9\fuentesDeLuz.cpp(241,22): warning C4244: '=': conversión de 'double' a 'T'; posible pérdida de datos
C:\Users\danie\Documents\Computación Gráfica\CGIH-master\configCGIH9\fuentesDeLuz.cpp(241,22): warning C4244:         with
C:\Users\danie\Documents\Computación Gráfica\CGIH-master\configCGIH9\fuentesDeLuz.cpp(241,22): warning C4244:         [
C:\Users\danie\Documents\Computación Gráfica\CGIH-master\configCGIH9\fuentesDeLuz.cpp(241,22): warning C4244:             T=float
C:\Users\danie\Documents\Computación Gráfica\CGIH-master\configCGIH9\fuentesDeLuz.cpp(241,22): warning C4244:         ]
C:\Users\danie\Documents\Computación Gráfica\CGIH-master\configCGIH9\fuentesDeLuz.cpp(242,22): warning C4244: '=': conversión de 'double' a 'T'; posible pérdida de datos
C:\Users\danie\Documents\Computación Gráfica\CGIH-master\configCGIH9\fuentesDeLuz.cpp(242,22): warning C4244:         with
C:\Users\danie\Documents\Computación Gráfica\CGIH-master\configCGIH9\fuentesDeLuz.cpp(242,22): warning C4244:         [
C:\Users\danie\Documents\Computación Gráfica\CGIH-master\configCGIH9\fuentesDeLuz.cpp(242,22): warning C4244:             T=float
C:\Users\danie\Documents\Computación Gráfica\CGIH-master\configCGIH9\fuentesDeLuz.cpp(242,22): warning C4244:         ]
C:\Users\danie\Documents\Computación Gráfica\CGIH-master\configCGIH9\fuentesDeLuz.cpp(243,22): warning C4244: '=': conversión de 'double' a 'T'; posible pérdida de datos
C:\Users\danie\Documents\Computación Gráfica\CGIH-master\configCGIH9\fuentesDeLuz.cpp(243,22): warning C4244:         with
C:\Users\danie\Documents\Computación Gráfica\CGIH-master\configCGIH9\fuentesDeLuz.cpp(243,22): warning C4244:         [
C:\Users\danie\Documents\Computación Gráfica\CGIH-master\configCGIH9\fuentesDeLuz.cpp(243,22): warning C4244:             T=float
C:\Users\danie\Documents\Computación Gráfica\CGIH-master\configCGIH9\fuentesDeLuz.cpp(243,22): warning C4244:         ]
C:\Users\danie\Documents\Computación Gráfica\CGIH-master\configCGIH9\fuentesDeLuz.cpp(245,22): warning C4244: '=': conversión de 'double' a 'T'; posible pérdida de datos
C:\Users\danie\Documents\Computación Gráfica\CGIH-master\configCGIH9\fuentesDeLuz.cpp(245,22): warning C4244:         with
C:\Users\danie\Documents\Computación Gráfica\CGIH-master\configCGIH9\fuentesDeLuz.cpp(245,22): warning C4244:         [
C:\Users\danie\Documents\Computación Gráfica\CGIH-master\configCGIH9\fuentesDeLuz.cpp(245,22): warning C4244:             T=float
C:\Users\danie\Documents\Computación Gráfica\CGIH-master\configCGIH9\fuentesDeLuz.cpp(245,22): warning C4244:         ]
C:\Users\danie\Documents\Computación Gráfica\CGIH-master\configCGIH9\fuentesDeLuz.cpp(246,22): warning C4244: '=': conversión de 'double' a 'T'; posible pérdida de datos
C:\Users\danie\Documents\Computación Gráfica\CGIH-master\configCGIH9\fuentesDeLuz.cpp(246,22): warning C4244:         with
C:\Users\danie\Documents\Computación Gráfica\CGIH-master\configCGIH9\fuentesDeLuz.cpp(246,22): warning C4244:         [
C:\Users\danie\Documents\Computación Gráfica\CGIH-master\configCGIH9\fuentesDeLuz.cpp(246,22): warning C4244:             T=float
C:\Users\danie\Documents\Computación Gráfica\CGIH-master\configCGIH9\fuentesDeLuz.cpp(246,22): warning C4244:         ]
C:\Users\danie\Documents\Computación Gráfica\CGIH-master\configCGIH9\fuentesDeLuz.cpp(247,22): warning C4244: '=': conversión de 'double' a 'T'; posible pérdida de datos
C:\Users\danie\Documents\Computación Gráfica\CGIH-master\configCGIH9\fuentesDeLuz.cpp(247,22): warning C4244:         with
C:\Users\danie\Documents\Computación Gráfica\CGIH-master\configCGIH9\fuentesDeLuz.cpp(247,22): warning C4244:         [
C:\Users\danie\Documents\Computación Gráfica\CGIH-master\configCGIH9\fuentesDeLuz.cpp(247,22): warning C4244:             T=float
C:\Users\danie\Documents\Computación Gráfica\CGIH-master\configCGIH9\fuentesDeLuz.cpp(247,22): warning C4244:         ]
C:\Users\danie\Documents\Computación Gráfica\CGIH-master\configCGIH9\fuentesDeLuz.cpp(249,22): warning C4244: '=': conversión de 'double' a 'T'; posible pérdida de datos
C:\Users\danie\Documents\Computación Gráfica\CGIH-master\configCGIH9\fuentesDeLuz.cpp(249,22): warning C4244:         with
C:\Users\danie\Documents\Computación Gráfica\CGIH-master\configCGIH9\fuentesDeLuz.cpp(249,22): warning C4244:         [
C:\Users\danie\Documents\Computación Gráfica\CGIH-master\configCGIH9\fuentesDeLuz.cpp(249,22): warning C4244:             T=float
C:\Users\danie\Documents\Computación Gráfica\CGIH-master\configCGIH9\fuentesDeLuz.cpp(249,22): warning C4244:         ]
C:\Users\danie\Documents\Computación Gráfica\CGIH-master\configCGIH9\fuentesDeLuz.cpp(250,22): warning C4244: '=': conversión de 'double' a 'T'; posible pérdida de datos
C:\Users\danie\Documents\Computación Gráfica\CGIH-master\configCGIH9\fuentesDeLuz.cpp(250,22): warning C4244:         with
C:\Users\danie\Documents\Computación Gráfica\CGIH-master\configCGIH9\fuentesDeLuz.cpp(250,22): warning C4244:         [
C:\Users\danie\Documents\Computación Gráfica\CGIH-master\configCGIH9\fuentesDeLuz.cpp(250,22): warning C4244:             T=float
C:\Users\danie\Documents\Computación Gráfica\CGIH-master\configCGIH9\fuentesDeLuz.cpp(250,22): warning C4244:         ]
C:\Users\danie\Documents\Computación Gráfica\CGIH-master\configCGIH9\fuentesDeLuz.cpp(251,22): warning C4244: '=': conversión de 'double' a 'T'; posible pérdida de datos
C:\Users\danie\Documents\Computación Gráfica\CGIH-master\configCGIH9\fuentesDeLuz.cpp(251,22): warning C4244:         with
C:\Users\danie\Documents\Computación Gráfica\CGIH-master\configCGIH9\fuentesDeLuz.cpp(251,22): warning C4244:         [
C:\Users\danie\Documents\Computación Gráfica\CGIH-master\configCGIH9\fuentesDeLuz.cpp(251,22): warning C4244:             T=float
C:\Users\danie\Documents\Computación Gráfica\CGIH-master\configCGIH9\fuentesDeLuz.cpp(251,22): warning C4244:         ]
C:\Users\danie\Documents\Computación Gráfica\CGIH-master\configCGIH9\fuentesDeLuz.cpp(483,11): warning C4244: '=': conversión de 'double' a 'GLfloat'; posible pérdida de datos
C:\Users\danie\Documents\Computación Gráfica\CGIH-master\configCGIH9\fuentesDeLuz.cpp(484,11): warning C4244: '=': conversión de 'double' a 'GLfloat'; posible pérdida de datos
C:\Users\danie\Documents\Computación Gráfica\CGIH-master\configCGIH9\fuentesDeLuz.cpp(488,18): warning C4244: 'inicializando': conversión de 'double' a 'GLfloat'; posible pérdida de datos
C:\Users\danie\Documents\Computación Gráfica\CGIH-master\configCGIH9\fuentesDeLuz.cpp(489,18): warning C4244: 'inicializando': conversión de 'double' a 'GLfloat'; posible pérdida de datos
C:\Users\danie\Documents\Computación Gráfica\CGIH-master\configCGIH9\fuentesDeLuz.cpp(491,10): warning C4244: '=': conversión de 'double' a 'GLfloat'; posible pérdida de datos
C:\Users\danie\Documents\Computación Gráfica\CGIH-master\configCGIH9\fuentesDeLuz.cpp(492,10): warning C4244: '=': conversión de 'double' a 'GLfloat'; posible pérdida de datos
soil2-debug.lib(SOIL2.obj) : warning LNK4075: se omite '/EDITANDCONTINUE' debido a la especificación '/OPT:ICF'
LINK : warning LNK4098: la biblioteca predeterminada'MSVCRTD' entra en conflicto con otras bibliotecas; use la biblioteca /NODEFAULTLIB:biblioteca
  Generando código
  0 of 622 functions ( 0.0%) were compiled, the rest were copied from previous compilation.
    0 functions were new in current compilation
    0 functions had inline decision re-evaluated but remain unchanged
  Generación de código finalizada
soil2-debug.lib(etc1_utils.obj) : warning LNK4099: no se encontró PDB '' con 'soil2-debug.lib(etc1_utils.obj)' o en ''; se vinculará el objeto sin tener en cuenta información de depuración
soil2-debug.lib(image_DXT.obj) : warning LNK4099: no se encontró PDB 'soil2-debug.pdb' con 'soil2-debug.lib(image_DXT.obj)' o en 'C:\Users\danie\Documents\Computación Gráfica\CGIH-master\Release\soil2-debug.pdb'; se vinculará el objeto sin tener en cuenta información de depuración
soil2-debug.lib(image_helper.obj) : warning LNK4099: no se encontró PDB '' con 'soil2-debug.lib(image_helper.obj)' o en ''; se vinculará el objeto sin tener en cuenta información de depuración
soil2-debug.lib(SOIL2.obj) : warning LNK4099: no se encontró PDB 'soil2-debug.pdb' con 'soil2-debug.lib(SOIL2.obj)' o en 'C:\Users\danie\Documents\Computación Gráfica\CGIH-master\Release\soil2-debug.pdb'; se vinculará el objeto sin tener en cuenta información de depuración
  configCGIH9.vcxproj -> C:\Users\danie\Documents\Computación Gráfica\CGIH-master\Release\configCGIH9.exe
